// Jest Snapshot v1, https://goo.gl/fbAQLP

exports[`<Head /> renders 1`] = `<DocumentFragment />`;
