// Jest Snapshot v1, https://goo.gl/fbAQLP

exports[`<Header /> renders 1`] = `
<DocumentFragment>
  <header
    data-cy="header-nav"
  >
    <div
      class="relative bg-white"
    >
      <div
        class="flex items-center justify-between px-4 py-6 mx-auto max-w-7xl sm:px-6 md:justify-start md:space-x-10 lg:px-8"
      >
        <div
          class="flex justify-start lg:w-0 lg:flex-1"
        >
          <a
            data-cy="header-logo-link"
            href="/"
          >
            <span
              class="sr-only"
            >
              Michael Utz
            </span>
            <svg
              class="w-auto h-8 text-purple-700 stroke-current sm:h-10"
              fill="none"
              stroke="currentColor"
              viewBox="0 0 24 24"
              xmlns="http://www.w3.org/2000/svg"
            >
              <path
                d="M9 3v2m6-2v2M9 19v2m6-2v2M5 9H3m2 6H3m18-6h-2m2 6h-2M7 19h10a2 2 0 002-2V7a2 2 0 00-2-2H7a2 2 0 00-2 2v10a2 2 0 002 2zM9 9h6v6H9V9z"
                stroke-linecap="round"
                stroke-linejoin="round"
                stroke-width="2"
              />
            </svg>
          </a>
        </div>
        <div
          class="-my-2 -mr-2 md:hidden"
        >
          <button
            aria-expanded="false"
            class="inline-flex items-center justify-center p-2 text-gray-400 bg-white rounded-md hover:text-gray-500 hover:bg-gray-100 focus:outline-none focus:ring-2 focus:ring-inset focus:ring-indigo-500"
            id="headlessui-popover-button-3"
            type="button"
          >
            <span
              class="sr-only"
            >
              Open menu
            </span>
            <svg
              aria-hidden="true"
              class="w-6 h-6"
              data-cy="hamburger-menu-button"
              fill="none"
              stroke="currentColor"
              viewBox="0 0 24 24"
              xmlns="http://www.w3.org/2000/svg"
            >
              <path
                d="M4 6h16M4 12h16M4 18h16"
                stroke-linecap="round"
                stroke-linejoin="round"
                stroke-width="2"
              />
            </svg>
          </button>
        </div>
        <nav
          class="hidden md:flex space-x-10"
        >
          <div
            class="relative"
          >
            <button
              aria-expanded="false"
              class="text-gray-500 group bg-white rounded-md inline-flex items-center text-base font-medium hover:text-gray-900 focus:outline-none focus:ring-2 focus:ring-offset-2 focus:ring-indigo-500"
              id="headlessui-popover-button-1"
              type="button"
            >
              <span>
                Solutions
              </span>
              <svg
                aria-hidden="true"
                class="text-gray-400 ml-2 h-5 w-5 group-hover:text-gray-500"
                fill="currentColor"
                viewBox="0 0 20 20"
                xmlns="http://www.w3.org/2000/svg"
              >
                <path
                  clip-rule="evenodd"
                  d="M5.293 7.293a1 1 0 011.414 0L10 10.586l3.293-3.293a1 1 0 111.414 1.414l-4 4a1 1 0 01-1.414 0l-4-4a1 1 0 010-1.414z"
                  fill-rule="evenodd"
                />
              </svg>
            </button>
          </div>
          <a
            class="text-base font-medium text-gray-500 hover:text-gray-900"
            href="/about"
          >
            About
          </a>
          <a
            class="text-base font-medium text-gray-500 hover:text-gray-900"
            href="#"
          >
            Partners
          </a>
          <a
            class="text-base font-medium text-gray-500 hover:text-gray-900"
            href="#"
          >
            Company
          </a>
        </nav>
        <div
          class="items-center justify-end hidden md:flex md:flex-1 lg:w-0"
        >
          <a
            class="text-base font-medium text-gray-500 whitespace-nowrap hover:text-gray-900"
            href="#"
          >
            Sign in
          </a>
          <a
            class="inline-flex items-center justify-center px-4 py-2 ml-8 text-base font-medium text-white border border-transparent whitespace-nowrap bg-gradient-to-r from-purple-600 to-indigo-600 bg-origin-border rounded-md shadow-sm hover:from-purple-700 hover:to-indigo-700"
            href="#"
          >
            Sign up
          </a>
        </div>
      </div>
    </div>
  </header>
</DocumentFragment>
`;
