// Jest Snapshot v1, https://goo.gl/fbAQLP

exports[`<Hero /> renders 1`] = `
<DocumentFragment>
  <div
    class="relative"
  >
    <div
      class="absolute inset-x-0 bottom-0 bg-gray-100 h-1/2"
    />
    <div
      class="mx-auto max-w-7xl sm:px-6 lg:px-8"
    >
      <div
        class="relative shadow-xl sm:rounded-2xl sm:overflow-hidden"
      >
        <div
          class="absolute inset-0"
        >
          <img
            alt="People working on laptops"
            class="object-cover w-full h-full"
            src="https://images.unsplash.com/photo-1521737852567-6949f3f9f2b5?ixid=MXwxMjA3fDB8MHxwaG90by1wYWdlfHx8fGVufDB8fHw%3D&ixlib=rb-1.2.1&auto=format&fit=crop&w=2830&q=80&sat=-100"
          />
          <div
            class="absolute inset-0 bg-gradient-to-r from-purple-800 to-indigo-700 mix-blend-multiply"
          />
        </div>
        <div
          class="relative px-4 py-16 sm:px-6 sm:py-24 lg:py-32 lg:px-8"
        >
          <h1
            class="text-4xl font-extrabold tracking-tight text-center sm:text-5xl lg:text-6xl"
          >
            <span
              class="block text-white"
            >
              Take control of your
            </span>
            <span
              class="block text-indigo-200"
            >
              customer support
            </span>
          </h1>
          <p
            class="max-w-lg mx-auto mt-6 text-xl text-center text-indigo-200 sm:max-w-3xl"
          >
            Anim aute id magna aliqua ad ad non deserunt sunt. Qui irure qui lorem cupidatat commodo. Elit sunt amet fugiat veniam occaecat fugiat aliqua.
          </p>
          <div
            class="max-w-sm mx-auto mt-10 sm:max-w-none sm:flex sm:justify-center"
          >
            <div
              class="space-y-4 sm:space-y-0 sm:mx-auto sm:inline-grid sm:grid-cols-2 sm:gap-5"
            >
              <a
                class="flex items-center justify-center px-4 py-3 text-base font-medium text-indigo-700 bg-white border border-transparent rounded-md shadow-sm hover:bg-indigo-50 sm:px-8"
                href="#"
              >
                Get started
              </a>
              <a
                class="flex items-center justify-center px-4 py-3 text-base font-medium text-white bg-indigo-500 border border-transparent rounded-md shadow-sm bg-opacity-60 hover:bg-opacity-70 sm:px-8"
                href="#"
              >
                Live demo
              </a>
            </div>
          </div>
        </div>
      </div>
    </div>
  </div>
</DocumentFragment>
`;
