// Jest Snapshot v1, https://goo.gl/fbAQLP

exports[`<GradientFeatures /> renders 1`] = `
<DocumentFragment>
  <div
    class="bg-gradient-to-r from-purple-800 to-indigo-700"
  >
    <div
      class="max-w-4xl px-4 py-16 mx-auto sm:px-6 sm:pt-20 sm:pb-24 lg:max-w-7xl lg:pt-24 lg:px-8"
    >
      <h2
        class="text-3xl font-extrabold tracking-tight text-white"
      >
        Skills you'll definitely want
      </h2>
      <p
        class="max-w-3xl mt-4 text-lg text-purple-200"
      >
        I've been making web stuff for decades. I've got experience with multiple content management systems, and I love the new JAMstack stuff!
      </p>
      <div
        class="mt-12 grid grid-cols-1 gap-x-6 gap-y-12 sm:grid-cols-2 lg:mt-16 lg:grid-cols-4 lg:gap-x-8 lg:gap-y-16"
      >
        <div>
          <div>
            <span
              class="flex items-center justify-center w-12 h-12 bg-white rounded-md bg-opacity-10"
            >
              <svg
                aria-hidden="true"
                class="w-6 h-6 text-white"
                fill="none"
                stroke="currentColor"
                viewBox="0 0 24 24"
                xmlns="http://www.w3.org/2000/svg"
              >
                <path
                  d="M3 12l2-2m0 0l7-7 7 7M5 10v10a1 1 0 001 1h3m10-11l2 2m-2-2v10a1 1 0 01-1 1h-3m-6 0a1 1 0 001-1v-4a1 1 0 011-1h2a1 1 0 011 1v4a1 1 0 001 1m-6 0h6"
                  stroke-linecap="round"
                  stroke-linejoin="round"
                  stroke-width="2"
                />
              </svg>
            </span>
          </div>
          <div
            class="mt-6"
          >
            <h3
              class="text-lg font-medium text-white"
            >
              The Basics
            </h3>
            <p
              class="mt-2 text-base text-purple-200"
            >
              HTML, CSS, and JavaScript. The world runs on this stuff, and I've been using it for decades.
            </p>
          </div>
        </div>
        <div>
          <div>
            <span
              class="flex items-center justify-center w-12 h-12 bg-white rounded-md bg-opacity-10"
            >
              <svg
                aria-hidden="true"
                class="w-6 h-6 text-white"
                fill="none"
                stroke="currentColor"
                viewBox="0 0 24 24"
                xmlns="http://www.w3.org/2000/svg"
              >
                <path
                  d="M5 3v4M3 5h4M6 17v4m-2-2h4m5-16l2.286 6.857L21 12l-5.714 2.143L13 21l-2.286-6.857L5 12l5.714-2.143L13 3z"
                  stroke-linecap="round"
                  stroke-linejoin="round"
                  stroke-width="2"
                />
              </svg>
            </span>
          </div>
          <div
            class="mt-6"
          >
            <h3
              class="text-lg font-medium text-white"
            >
              Front-End Frameworks
            </h3>
            <p
              class="mt-2 text-base text-purple-200"
            >
              Tons of experience with React, and some experience with Angular and Vue. I'd love to learn Svelte.
            </p>
          </div>
        </div>
        <div>
          <div>
            <span
              class="flex items-center justify-center w-12 h-12 bg-white rounded-md bg-opacity-10"
            >
              <svg
                aria-hidden="true"
                class="w-6 h-6 text-white"
                fill="none"
                stroke="currentColor"
                viewBox="0 0 24 24"
                xmlns="http://www.w3.org/2000/svg"
              >
                <path
                  d="M8 12h.01M12 12h.01M16 12h.01M21 12c0 4.418-4.03 8-9 8a9.863 9.863 0 01-4.255-.949L3 20l1.395-3.72C3.512 15.042 3 13.574 3 12c0-4.418 4.03-8 9-8s9 3.582 9 8z"
                  stroke-linecap="round"
                  stroke-linejoin="round"
                  stroke-width="2"
                />
              </svg>
            </span>
          </div>
          <div
            class="mt-6"
          >
            <h3
              class="text-lg font-medium text-white"
            >
              Speaking of React...
            </h3>
            <p
              class="mt-2 text-base text-purple-200"
            >
              Familiar with all the old favorites like Redux & Enzyme, as well as all the newest goodies.
            </p>
          </div>
        </div>
        <div>
          <div>
            <span
              class="flex items-center justify-center w-12 h-12 bg-white rounded-md bg-opacity-10"
            >
              <svg
                aria-hidden="true"
                class="w-6 h-6 text-white"
                fill="none"
                stroke="currentColor"
                viewBox="0 0 24 24"
                xmlns="http://www.w3.org/2000/svg"
              >
                <path
                  d="M4 7v10c0 2.21 3.582 4 8 4s8-1.79 8-4V7M4 7c0 2.21 3.582 4 8 4s8-1.79 8-4M4 7c0-2.21 3.582-4 8-4s8 1.79 8 4m0 5c0 2.21-3.582 4-8 4s-8-1.79-8-4"
                  stroke-linecap="round"
                  stroke-linejoin="round"
                  stroke-width="2"
                />
              </svg>
            </span>
          </div>
          <div
            class="mt-6"
          >
            <h3
              class="text-lg font-medium text-white"
            >
              What About The Backend?
            </h3>
            <p
              class="mt-2 text-base text-purple-200"
            >
              I can write a mean backend (pun intended), but I like PostgreSQL and TypeScript for sanity.
            </p>
          </div>
        </div>
        <div>
          <div>
            <span
              class="flex items-center justify-center w-12 h-12 bg-white rounded-md bg-opacity-10"
            >
              <svg
                aria-hidden="true"
                class="w-6 h-6 text-white"
                fill="none"
                stroke="currentColor"
                viewBox="0 0 24 24"
                xmlns="http://www.w3.org/2000/svg"
              >
                <path
                  d="M8 7v8a2 2 0 002 2h6M8 7V5a2 2 0 012-2h4.586a1 1 0 01.707.293l4.414 4.414a1 1 0 01.293.707V15a2 2 0 01-2 2h-2M8 7H6a2 2 0 00-2 2v10a2 2 0 002 2h8a2 2 0 002-2v-2"
                  stroke-linecap="round"
                  stroke-linejoin="round"
                  stroke-width="2"
                />
              </svg>
            </span>
          </div>
          <div
            class="mt-6"
          >
            <h3
              class="text-lg font-medium text-white"
            >
              Can you do WordPress?
            </h3>
            <p
              class="mt-2 text-base text-purple-200"
            >
              Sure! I've been writing WordPress sites since 2008 or so. PHP & MySQL are my friends, too.
            </p>
          </div>
        </div>
        <div>
          <div>
            <span
              class="flex items-center justify-center w-12 h-12 bg-white rounded-md bg-opacity-10"
            >
              <svg
                aria-hidden="true"
                class="w-6 h-6 text-white"
                fill="none"
                stroke="currentColor"
                viewBox="0 0 24 24"
                xmlns="http://www.w3.org/2000/svg"
              >
                <path
                  d="M19.428 15.428a2 2 0 00-1.022-.547l-2.387-.477a6 6 0 00-3.86.517l-.318.158a6 6 0 01-3.86.517L6.05 15.21a2 2 0 00-1.806.547M8 4h8l-1 1v5.172a2 2 0 00.586 1.414l5 5c1.26 1.26.367 3.414-1.415 3.414H4.828c-1.782 0-2.674-2.154-1.414-3.414l5-5A2 2 0 009 10.172V5L8 4z"
                  stroke-linecap="round"
                  stroke-linejoin="round"
                  stroke-width="2"
                />
              </svg>
            </span>
          </div>
          <div
            class="mt-6"
          >
            <h3
              class="text-lg font-medium text-white"
            >
              Can you write tests?
            </h3>
            <p
              class="mt-2 text-base text-purple-200"
            >
              I love writing tests! Unit testing with Jest and integration/end-to-end testing with Cypress.
            </p>
          </div>
        </div>
        <div>
          <div>
            <span
              class="flex items-center justify-center w-12 h-12 bg-white rounded-md bg-opacity-10"
            >
              <svg
                aria-hidden="true"
                class="w-6 h-6 text-white"
                fill="none"
                stroke="currentColor"
                viewBox="0 0 24 24"
                xmlns="http://www.w3.org/2000/svg"
              >
                <path
                  d="M8 9l3 3-3 3m5 0h3M5 20h14a2 2 0 002-2V6a2 2 0 00-2-2H5a2 2 0 00-2 2v12a2 2 0 002 2z"
                  stroke-linecap="round"
                  stroke-linejoin="round"
                  stroke-width="2"
                />
              </svg>
            </span>
          </div>
          <div
            class="mt-6"
          >
            <h3
              class="text-lg font-medium text-white"
            >
              So, you just do tech stuff?
            </h3>
            <p
              class="mt-2 text-base text-purple-200"
            >
              Not at all! I have a passion and eye for design, user experience, and accessibility.
            </p>
          </div>
        </div>
        <div>
          <div>
            <span
              class="flex items-center justify-center w-12 h-12 bg-white rounded-md bg-opacity-10"
            >
              <svg
                aria-hidden="true"
                class="w-6 h-6 text-white"
                fill="none"
                stroke="currentColor"
                viewBox="0 0 24 24"
                xmlns="http://www.w3.org/2000/svg"
              >
                <path
                  d="M8.228 9c.549-1.165 2.03-2 3.772-2 2.21 0 4 1.343 4 3 0 1.4-1.278 2.575-3.006 2.907-.542.104-.994.54-.994 1.093m0 3h.01M21 12a9 9 0 11-18 0 9 9 0 0118 0z"
                  stroke-linecap="round"
                  stroke-linejoin="round"
                  stroke-width="2"
                />
              </svg>
            </span>
          </div>
          <div
            class="mt-6"
          >
            <h3
              class="text-lg font-medium text-white"
            >
              How did you make this site?
            </h3>
            <p
              class="mt-2 text-base text-purple-200"
            >
              I work smarter not harder. This site is made and deployed with Tailwind CSS & UI, NextJS, and Vercel.
            </p>
          </div>
        </div>
      </div>
    </div>
  </div>
</DocumentFragment>
`;
