// Jest Snapshot v1, https://goo.gl/fbAQLP

exports[`<Blog /> renders 1`] = `
<DocumentFragment>
  <div
    data-cy="page-blog"
  />
</DocumentFragment>
`;
