// Jest Snapshot v1, https://goo.gl/fbAQLP

exports[`<Subscribe /> renders 1`] = `
<DocumentFragment>
  <h3
    class="text-sm font-semibold tracking-wider text-gray-400 uppercase"
  >
    Subscribe to our newsletter
  </h3>
  <p
    class="mt-4 text-base text-gray-500"
  >
    The latest news, articles, and resources, sent to your inbox weekly.
  </p>
  <form
    class="mt-4 sm:flex sm:max-w-md"
  >
    <label
      class="sr-only"
      for="email-address"
    >
      Email address
    </label>
    <div
      class="relative w-full"
    >
      <div
        class="absolute inset-y-0 left-0 pl-3 flex items-center pointer-events-none"
      >
        <svg
          aria-hidden="true"
          class="w-5 h-5 text-gray-400 stroke-current"
          fill="none"
          stroke="currentColor"
          viewBox="0 0 24 24"
          xmlns="http://www.w3.org/2000/svg"
        >
          <path
            d="M3 8l7.89 5.26a2 2 0 002.22 0L21 8M5 19h14a2 2 0 002-2V7a2 2 0 00-2-2H5a2 2 0 00-2 2v10a2 2 0 002 2z"
            stroke-linecap="round"
            stroke-linejoin="round"
            stroke-width="2"
          />
        </svg>
      </div>
      <input
        autocomplete="email"
        class="w-full min-w-0 py-2 pl-10 pr-4 text-base text-gray-900 placeholder-gray-500 bg-white border border-gray-300 appearance-none sm:py-3 rounded-md shadow-sm focus:outline-none focus:ring-indigo-500 focus:border-indigo-500 focus:placeholder-gray-400"
        id="email-address"
        name="email-address"
        placeholder="Enter your email"
        required=""
        type="email"
        value=""
      />
    </div>
    <div
      class="mt-3 rounded-md sm:mt-0 sm:ml-3 sm:flex-shrink-0"
    >
      <button
        class="flex items-center justify-center w-full px-4 py-3 text-base font-medium text-white border border-transparent bg-gradient-to-r from-purple-600 to-indigo-600 bg-origin-border rounded-md shadow-sm hover:from-purple-700 hover:to-indigo-700"
        type="submit"
      >
        Subscribe
      </button>
    </div>
  </form>
</DocumentFragment>
`;
